// Jest Snapshot v1, https://goo.gl/fbAQLP

exports[`Weather component should render the weather component 1`] = `
<table>
  <tbody>
    <tr>
      <th>
        Weather for Show 
        <span
          id="location-id"
        />
      </th>
    </tr>
    <tr>
      <td>
        Temperature (F)
      </td>
      <td
        id="temperature-id"
      >
        60
      </td>
    </tr>
    <tr>
      <td>
        Date
      </td>
      <td
        id="time-id"
      >
        2017-07-10
      </td>
    </tr>
  </tbody>
</table>
`;
